[2017-12-13T17:13:39.070+0500][gc,heap] Heap region size: 1M
[2017-12-13T17:13:39.080+0500][gc     ] Using G1
[2017-12-13T17:13:39.080+0500][gc,heap,coops] Heap address: 0x0000000780000000, size: 1024 MB, Compressed Oops mode: Zero based, Oop shift amount: 3
[2017-12-13T17:13:45.311+0500][gc,start     ] GC(0) Pause Young (G1 Evacuation Pause)
[2017-12-13T17:13:45.311+0500][gc,task      ] GC(0) Using 8 workers of 8 for evacuation
[2017-12-13T17:13:45.322+0500][gc,phases    ] GC(0)   Pre Evacuate Collection Set: 0.0ms
[2017-12-13T17:13:45.322+0500][gc,phases    ] GC(0)   Evacuate Collection Set: 5.9ms
[2017-12-13T17:13:45.322+0500][gc,phases    ] GC(0)   Post Evacuate Collection Set: 5.1ms
[2017-12-13T17:13:45.322+0500][gc,phases    ] GC(0)   Other: 0.1ms
[2017-12-13T17:13:45.322+0500][gc,heap      ] GC(0) Eden regions: 51->0(44)
[2017-12-13T17:13:45.322+0500][gc,heap      ] GC(0) Survivor regions: 0->7(7)
[2017-12-13T17:13:45.322+0500][gc,heap      ] GC(0) Old regions: 0->4
[2017-12-13T17:13:45.322+0500][gc,heap      ] GC(0) Humongous regions: 1->1
[2017-12-13T17:13:45.322+0500][gc,metaspace ] GC(0) Metaspace: 19121K->19121K(1067008K)
[2017-12-13T17:13:45.322+0500][gc           ] GC(0) Pause Young (G1 Evacuation Pause) 52M->11M(1024M) 11.276ms
[2017-12-13T17:13:45.322+0500][gc,cpu       ] GC(0) User=0.04s Sys=0.01s Real=0.01s
[2017-12-13T17:13:45.439+0500][gc,start     ] GC(1) Pause Initial Mark (Metadata GC Threshold)
[2017-12-13T17:13:45.439+0500][gc,task      ] GC(1) Using 8 workers of 8 for evacuation
[2017-12-13T17:13:45.444+0500][gc,phases    ] GC(1)   Pre Evacuate Collection Set: 0.0ms
[2017-12-13T17:13:45.444+0500][gc,phases    ] GC(1)   Evacuate Collection Set: 5.0ms
[2017-12-13T17:13:45.444+0500][gc,phases    ] GC(1)   Post Evacuate Collection Set: 0.7ms
[2017-12-13T17:13:45.444+0500][gc,phases    ] GC(1)   Other: 0.1ms
[2017-12-13T17:13:45.445+0500][gc,heap      ] GC(1) Eden regions: 8->0(48)
[2017-12-13T17:13:45.445+0500][gc,heap      ] GC(1) Survivor regions: 7->3(7)
[2017-12-13T17:13:45.445+0500][gc,heap      ] GC(1) Old regions: 4->9
[2017-12-13T17:13:45.445+0500][gc,heap      ] GC(1) Humongous regions: 1->1
[2017-12-13T17:13:45.445+0500][gc,metaspace ] GC(1) Metaspace: 20675K->20675K(1069056K)
[2017-12-13T17:13:45.445+0500][gc           ] GC(1) Pause Initial Mark (Metadata GC Threshold) 18M->11M(1024M) 5.948ms
[2017-12-13T17:13:45.445+0500][gc,cpu       ] GC(1) User=0.03s Sys=0.00s Real=0.01s
[2017-12-13T17:13:45.445+0500][gc           ] GC(2) Concurrent Cycle
[2017-12-13T17:13:45.445+0500][gc,marking   ] GC(2) Concurrent Clear Claimed Marks
[2017-12-13T17:13:45.445+0500][gc,marking   ] GC(2) Concurrent Clear Claimed Marks 0.024ms
[2017-12-13T17:13:45.445+0500][gc,marking   ] GC(2) Concurrent Scan Root Regions
[2017-12-13T17:13:45.445+0500][gc,marking   ] GC(2) Concurrent Scan Root Regions 0.796ms
[2017-12-13T17:13:45.445+0500][gc,marking   ] GC(2) Concurrent Mark (6.388s)
[2017-12-13T17:13:45.445+0500][gc,marking   ] GC(2) Concurrent Mark From Roots
[2017-12-13T17:13:45.445+0500][gc,task      ] GC(2) Using 2 workers of 2 for marking
[2017-12-13T17:13:45.449+0500][gc,marking   ] GC(2) Concurrent Mark From Roots 3.721ms
[2017-12-13T17:13:45.449+0500][gc,marking   ] GC(2) Concurrent Mark (6.388s, 6.392s) 3.769ms
[2017-12-13T17:13:45.449+0500][gc,start     ] GC(2) Pause Remark
[2017-12-13T17:13:45.451+0500][gc,stringtable] GC(2) Cleaned string and symbol table, strings: 8669 processed, 0 removed, symbols: 69740 processed, 37 removed
[2017-12-13T17:13:45.451+0500][gc            ] GC(2) Pause Remark 12M->12M(1024M) 1.868ms
[2017-12-13T17:13:45.451+0500][gc,cpu        ] GC(2) User=0.01s Sys=0.00s Real=0.01s
[2017-12-13T17:13:45.451+0500][gc,marking    ] GC(2) Concurrent Create Live Data
[2017-12-13T17:13:45.452+0500][gc,marking    ] GC(2) Concurrent Create Live Data 0.871ms
[2017-12-13T17:13:45.452+0500][gc,start      ] GC(2) Pause Cleanup
[2017-12-13T17:13:45.453+0500][gc            ] GC(2) Pause Cleanup 12M->9M(1024M) 0.396ms
[2017-12-13T17:13:45.453+0500][gc,cpu        ] GC(2) User=0.00s Sys=0.00s Real=0.00s
[2017-12-13T17:13:45.453+0500][gc,marking    ] GC(2) Concurrent Complete Cleanup
[2017-12-13T17:13:45.453+0500][gc,marking    ] GC(2) Concurrent Complete Cleanup 0.031ms
[2017-12-13T17:13:45.453+0500][gc,marking    ] GC(2) Concurrent Cleanup for Next Mark
[2017-12-13T17:13:45.458+0500][gc,marking    ] GC(2) Concurrent Cleanup for Next Mark 5.243ms
[2017-12-13T17:13:45.458+0500][gc            ] GC(2) Concurrent Cycle 13.501ms
[2017-12-13T17:13:46.414+0500][gc,start      ] GC(3) Pause Young (G1 Evacuation Pause)
[2017-12-13T17:13:46.414+0500][gc,task       ] GC(3) Using 8 workers of 8 for evacuation
[2017-12-13T17:13:46.418+0500][gc,phases     ] GC(3)   Pre Evacuate Collection Set: 0.0ms
[2017-12-13T17:13:46.418+0500][gc,phases     ] GC(3)   Evacuate Collection Set: 2.4ms
[2017-12-13T17:13:46.418+0500][gc,phases     ] GC(3)   Post Evacuate Collection Set: 1.7ms
[2017-12-13T17:13:46.418+0500][gc,phases     ] GC(3)   Other: 0.1ms
[2017-12-13T17:13:46.418+0500][gc,heap       ] GC(3) Eden regions: 48->0(44)
[2017-12-13T17:13:46.418+0500][gc,heap       ] GC(3) Survivor regions: 3->7(7)
[2017-12-13T17:13:46.418+0500][gc,heap       ] GC(3) Old regions: 6->7
[2017-12-13T17:13:46.418+0500][gc,heap       ] GC(3) Humongous regions: 130->130
[2017-12-13T17:13:46.418+0500][gc,metaspace  ] GC(3) Metaspace: 26693K->26693K(1073152K)
[2017-12-13T17:13:46.418+0500][gc            ] GC(3) Pause Young (G1 Evacuation Pause) 185M->143M(1024M) 4.403ms
[2017-12-13T17:13:46.418+0500][gc,cpu        ] GC(3) User=0.02s Sys=0.00s Real=0.00s
[2017-12-13T17:13:47.141+0500][gc,start      ] GC(4) Pause Young (G1 Evacuation Pause)
[2017-12-13T17:13:47.141+0500][gc,task       ] GC(4) Using 8 workers of 8 for evacuation
[2017-12-13T17:13:47.151+0500][gc,phases     ] GC(4)   Pre Evacuate Collection Set: 0.0ms
[2017-12-13T17:13:47.151+0500][gc,phases     ] GC(4)   Evacuate Collection Set: 7.0ms
[2017-12-13T17:13:47.151+0500][gc,phases     ] GC(4)   Post Evacuate Collection Set: 2.4ms
[2017-12-13T17:13:47.151+0500][gc,phases     ] GC(4)   Other: 0.3ms
[2017-12-13T17:13:47.151+0500][gc,heap       ] GC(4) Eden regions: 44->0(46)
[2017-12-13T17:13:47.151+0500][gc,heap       ] GC(4) Survivor regions: 7->5(7)
[2017-12-13T17:13:47.151+0500][gc,heap       ] GC(4) Old regions: 7->9
[2017-12-13T17:13:47.151+0500][gc,heap       ] GC(4) Humongous regions: 130->130
[2017-12-13T17:13:47.151+0500][gc,metaspace  ] GC(4) Metaspace: 30902K->30902K(1077248K)
[2017-12-13T17:13:47.151+0500][gc            ] GC(4) Pause Young (G1 Evacuation Pause) 187M->142M(1024M) 9.779ms
[2017-12-13T17:13:47.151+0500][gc,cpu        ] GC(4) User=0.05s Sys=0.00s Real=0.01s
[2017-12-13T17:28:39.344+0500][gc,start      ] GC(5) Pause Young (G1 Evacuation Pause)
[2017-12-13T17:28:39.344+0500][gc,task       ] GC(5) Using 8 workers of 8 for evacuation
[2017-12-13T17:28:39.349+0500][gc,phases     ] GC(5)   Pre Evacuate Collection Set: 0.0ms
[2017-12-13T17:28:39.349+0500][gc,phases     ] GC(5)   Evacuate Collection Set: 3.4ms
[2017-12-13T17:28:39.349+0500][gc,phases     ] GC(5)   Post Evacuate Collection Set: 0.9ms
[2017-12-13T17:28:39.349+0500][gc,phases     ] GC(5)   Other: 0.2ms
[2017-12-13T17:28:39.349+0500][gc,heap       ] GC(5) Eden regions: 46->0(48)
[2017-12-13T17:28:39.349+0500][gc,heap       ] GC(5) Survivor regions: 5->3(7)
[2017-12-13T17:28:39.349+0500][gc,heap       ] GC(5) Old regions: 9->10
[2017-12-13T17:28:39.349+0500][gc,heap       ] GC(5) Humongous regions: 172->130
[2017-12-13T17:28:39.349+0500][gc,metaspace  ] GC(5) Metaspace: 33715K->33715K(1079296K)
[2017-12-13T17:28:39.349+0500][gc            ] GC(5) Pause Young (G1 Evacuation Pause) 230M->142M(1024M) 4.618ms
[2017-12-13T17:28:39.349+0500][gc,cpu        ] GC(5) User=0.02s Sys=0.00s Real=0.00s
[2017-12-13T17:30:10.330+0500][gc,heap,exit  ] Heap
[2017-12-13T17:30:10.330+0500][gc,heap,exit  ]  garbage-first heap   total 1048576K, used 181122K [0x0000000780000000, 0x0000000780102000, 0x00000007c0000000)
[2017-12-13T17:30:10.330+0500][gc,heap,exit  ]   region size 1024K, 38 young (38912K), 3 survivors (3072K)
[2017-12-13T17:30:10.330+0500][gc,heap,exit  ]  Metaspace       used 34678K, capacity 35258K, committed 35504K, reserved 1081344K
[2017-12-13T17:30:10.330+0500][gc,heap,exit  ]   class space    used 4368K, capacity 4475K, committed 4528K, reserved 1048576K
