[2017-12-13T12:06:09.442+0500][gc,heap] Heap region size: 1M
[2017-12-13T12:06:09.453+0500][gc     ] Using G1
[2017-12-13T12:06:09.453+0500][gc,heap,coops] Heap address: 0x0000000780000000, size: 1024 MB, Compressed Oops mode: Zero based, Oop shift amount: 3
[2017-12-13T12:06:15.611+0500][gc,start     ] GC(0) Pause Young (G1 Evacuation Pause)
[2017-12-13T12:06:15.612+0500][gc,task      ] GC(0) Using 8 workers of 8 for evacuation
[2017-12-13T12:06:15.623+0500][gc,phases    ] GC(0)   Pre Evacuate Collection Set: 0.0ms
[2017-12-13T12:06:15.623+0500][gc,phases    ] GC(0)   Evacuate Collection Set: 6.1ms
[2017-12-13T12:06:15.623+0500][gc,phases    ] GC(0)   Post Evacuate Collection Set: 5.2ms
[2017-12-13T12:06:15.623+0500][gc,phases    ] GC(0)   Other: 0.1ms
[2017-12-13T12:06:15.623+0500][gc,heap      ] GC(0) Eden regions: 51->0(44)
[2017-12-13T12:06:15.623+0500][gc,heap      ] GC(0) Survivor regions: 0->7(7)
[2017-12-13T12:06:15.623+0500][gc,heap      ] GC(0) Old regions: 0->4
[2017-12-13T12:06:15.623+0500][gc,heap      ] GC(0) Humongous regions: 1->1
[2017-12-13T12:06:15.623+0500][gc,metaspace ] GC(0) Metaspace: 19039K->19039K(1067008K)
[2017-12-13T12:06:15.623+0500][gc           ] GC(0) Pause Young (G1 Evacuation Pause) 52M->11M(1024M) 11.541ms
[2017-12-13T12:06:15.623+0500][gc,cpu       ] GC(0) User=0.03s Sys=0.01s Real=0.01s
[2017-12-13T12:06:15.707+0500][gc,start     ] GC(1) Pause Initial Mark (Metadata GC Threshold)
[2017-12-13T12:06:15.707+0500][gc,task      ] GC(1) Using 8 workers of 8 for evacuation
[2017-12-13T12:06:15.714+0500][gc,phases    ] GC(1)   Pre Evacuate Collection Set: 0.0ms
[2017-12-13T12:06:15.714+0500][gc,phases    ] GC(1)   Evacuate Collection Set: 6.0ms
[2017-12-13T12:06:15.714+0500][gc,phases    ] GC(1)   Post Evacuate Collection Set: 0.9ms
[2017-12-13T12:06:15.714+0500][gc,phases    ] GC(1)   Other: 0.1ms
[2017-12-13T12:06:15.714+0500][gc,heap      ] GC(1) Eden regions: 8->0(48)
[2017-12-13T12:06:15.714+0500][gc,heap      ] GC(1) Survivor regions: 7->3(7)
[2017-12-13T12:06:15.714+0500][gc,heap      ] GC(1) Old regions: 4->9
[2017-12-13T12:06:15.714+0500][gc,heap      ] GC(1) Humongous regions: 1->1
[2017-12-13T12:06:15.714+0500][gc,metaspace ] GC(1) Metaspace: 20702K->20702K(1069056K)
[2017-12-13T12:06:15.714+0500][gc           ] GC(1) Pause Initial Mark (Metadata GC Threshold) 19M->11M(1024M) 7.238ms
[2017-12-13T12:06:15.714+0500][gc,cpu       ] GC(1) User=0.03s Sys=0.01s Real=0.01s
[2017-12-13T12:06:15.714+0500][gc           ] GC(2) Concurrent Cycle
[2017-12-13T12:06:15.714+0500][gc,marking   ] GC(2) Concurrent Clear Claimed Marks
[2017-12-13T12:06:15.714+0500][gc,marking   ] GC(2) Concurrent Clear Claimed Marks 0.025ms
[2017-12-13T12:06:15.714+0500][gc,marking   ] GC(2) Concurrent Scan Root Regions
[2017-12-13T12:06:15.715+0500][gc,marking   ] GC(2) Concurrent Scan Root Regions 0.488ms
[2017-12-13T12:06:15.715+0500][gc,marking   ] GC(2) Concurrent Mark (6.285s)
[2017-12-13T12:06:15.715+0500][gc,marking   ] GC(2) Concurrent Mark From Roots
[2017-12-13T12:06:15.715+0500][gc,task      ] GC(2) Using 2 workers of 2 for marking
[2017-12-13T12:06:15.718+0500][gc,marking   ] GC(2) Concurrent Mark From Roots 3.800ms
[2017-12-13T12:06:15.718+0500][gc,marking   ] GC(2) Concurrent Mark (6.285s, 6.289s) 3.849ms
[2017-12-13T12:06:15.719+0500][gc,start     ] GC(2) Pause Remark
[2017-12-13T12:06:15.720+0500][gc,stringtable] GC(2) Cleaned string and symbol table, strings: 8657 processed, 0 removed, symbols: 69790 processed, 37 removed
[2017-12-13T12:06:15.720+0500][gc            ] GC(2) Pause Remark 12M->12M(1024M) 1.822ms
[2017-12-13T12:06:15.720+0500][gc,cpu        ] GC(2) User=0.01s Sys=0.00s Real=0.01s
[2017-12-13T12:06:15.720+0500][gc,marking    ] GC(2) Concurrent Create Live Data
[2017-12-13T12:06:15.721+0500][gc,marking    ] GC(2) Concurrent Create Live Data 0.928ms
[2017-12-13T12:06:15.722+0500][gc,start      ] GC(2) Pause Cleanup
[2017-12-13T12:06:15.722+0500][gc            ] GC(2) Pause Cleanup 12M->9M(1024M) 0.421ms
[2017-12-13T12:06:15.722+0500][gc,cpu        ] GC(2) User=0.01s Sys=0.00s Real=0.00s
[2017-12-13T12:06:15.722+0500][gc,marking    ] GC(2) Concurrent Complete Cleanup
[2017-12-13T12:06:15.723+0500][gc,marking    ] GC(2) Concurrent Complete Cleanup 0.851ms
[2017-12-13T12:06:15.723+0500][gc,marking    ] GC(2) Concurrent Cleanup for Next Mark
[2017-12-13T12:06:15.728+0500][gc,marking    ] GC(2) Concurrent Cleanup for Next Mark 5.398ms
[2017-12-13T12:06:15.728+0500][gc            ] GC(2) Concurrent Cycle 14.373ms
[2017-12-13T12:06:15.910+0500][gc,heap,exit  ] Heap
[2017-12-13T12:06:15.910+0500][gc,heap,exit  ]  garbage-first heap   total 1048576K, used 24462K [0x0000000780000000, 0x0000000780102000, 0x00000007c0000000)
[2017-12-13T12:06:15.910+0500][gc,heap,exit  ]   region size 1024K, 19 young (19456K), 3 survivors (3072K)
[2017-12-13T12:06:15.910+0500][gc,heap,exit  ]  Metaspace       used 23348K, capacity 23898K, committed 24240K, reserved 1071104K
[2017-12-13T12:06:15.910+0500][gc,heap,exit  ]   class space    used 2827K, capacity 2937K, committed 2992K, reserved 1048576K
