[2017-12-13T12:07:50.510+0500][gc,heap] Heap region size: 1M
[2017-12-13T12:07:50.521+0500][gc     ] Using G1
[2017-12-13T12:07:50.521+0500][gc,heap,coops] Heap address: 0x0000000780000000, size: 1024 MB, Compressed Oops mode: Zero based, Oop shift amount: 3
[2017-12-13T12:07:56.699+0500][gc,start     ] GC(0) Pause Young (G1 Evacuation Pause)
[2017-12-13T12:07:56.699+0500][gc,task      ] GC(0) Using 8 workers of 8 for evacuation
[2017-12-13T12:07:56.711+0500][gc,phases    ] GC(0)   Pre Evacuate Collection Set: 0.0ms
[2017-12-13T12:07:56.711+0500][gc,phases    ] GC(0)   Evacuate Collection Set: 6.1ms
[2017-12-13T12:07:56.711+0500][gc,phases    ] GC(0)   Post Evacuate Collection Set: 5.2ms
[2017-12-13T12:07:56.711+0500][gc,phases    ] GC(0)   Other: 0.2ms
[2017-12-13T12:07:56.711+0500][gc,heap      ] GC(0) Eden regions: 51->0(44)
[2017-12-13T12:07:56.711+0500][gc,heap      ] GC(0) Survivor regions: 0->7(7)
[2017-12-13T12:07:56.711+0500][gc,heap      ] GC(0) Old regions: 0->4
[2017-12-13T12:07:56.711+0500][gc,heap      ] GC(0) Humongous regions: 1->1
[2017-12-13T12:07:56.711+0500][gc,metaspace ] GC(0) Metaspace: 19144K->19144K(1067008K)
[2017-12-13T12:07:56.711+0500][gc           ] GC(0) Pause Young (G1 Evacuation Pause) 52M->11M(1024M) 11.657ms
[2017-12-13T12:07:56.711+0500][gc,cpu       ] GC(0) User=0.04s Sys=0.01s Real=0.02s
[2017-12-13T12:07:56.775+0500][gc,start     ] GC(1) Pause Initial Mark (Metadata GC Threshold)
[2017-12-13T12:07:56.775+0500][gc,task      ] GC(1) Using 8 workers of 8 for evacuation
[2017-12-13T12:07:56.782+0500][gc,phases    ] GC(1)   Pre Evacuate Collection Set: 0.0ms
[2017-12-13T12:07:56.782+0500][gc,phases    ] GC(1)   Evacuate Collection Set: 5.8ms
[2017-12-13T12:07:56.782+0500][gc,phases    ] GC(1)   Post Evacuate Collection Set: 0.9ms
[2017-12-13T12:07:56.782+0500][gc,phases    ] GC(1)   Other: 0.1ms
[2017-12-13T12:07:56.782+0500][gc,heap      ] GC(1) Eden regions: 8->0(48)
[2017-12-13T12:07:56.782+0500][gc,heap      ] GC(1) Survivor regions: 7->3(7)
[2017-12-13T12:07:56.782+0500][gc,heap      ] GC(1) Old regions: 4->9
[2017-12-13T12:07:56.782+0500][gc,heap      ] GC(1) Humongous regions: 1->1
[2017-12-13T12:07:56.782+0500][gc,metaspace ] GC(1) Metaspace: 20702K->20702K(1069056K)
[2017-12-13T12:07:56.782+0500][gc           ] GC(1) Pause Initial Mark (Metadata GC Threshold) 18M->11M(1024M) 7.003ms
[2017-12-13T12:07:56.782+0500][gc,cpu       ] GC(1) User=0.03s Sys=0.01s Real=0.01s
[2017-12-13T12:07:56.782+0500][gc           ] GC(2) Concurrent Cycle
[2017-12-13T12:07:56.782+0500][gc,marking   ] GC(2) Concurrent Clear Claimed Marks
[2017-12-13T12:07:56.782+0500][gc,marking   ] GC(2) Concurrent Clear Claimed Marks 0.032ms
[2017-12-13T12:07:56.782+0500][gc,marking   ] GC(2) Concurrent Scan Root Regions
[2017-12-13T12:07:56.783+0500][gc,marking   ] GC(2) Concurrent Scan Root Regions 0.483ms
[2017-12-13T12:07:56.783+0500][gc,marking   ] GC(2) Concurrent Mark (6.284s)
[2017-12-13T12:07:56.783+0500][gc,marking   ] GC(2) Concurrent Mark From Roots
[2017-12-13T12:07:56.783+0500][gc,task      ] GC(2) Using 2 workers of 2 for marking
[2017-12-13T12:07:56.787+0500][gc,marking   ] GC(2) Concurrent Mark From Roots 4.002ms
[2017-12-13T12:07:56.787+0500][gc,marking   ] GC(2) Concurrent Mark (6.284s, 6.288s) 4.048ms
[2017-12-13T12:07:56.787+0500][gc,start     ] GC(2) Pause Remark
[2017-12-13T12:07:56.789+0500][gc,stringtable] GC(2) Cleaned string and symbol table, strings: 8668 processed, 0 removed, symbols: 69790 processed, 37 removed
[2017-12-13T12:07:56.789+0500][gc            ] GC(2) Pause Remark 12M->12M(1024M) 1.858ms
[2017-12-13T12:07:56.789+0500][gc,cpu        ] GC(2) User=0.01s Sys=0.00s Real=0.00s
[2017-12-13T12:07:56.789+0500][gc,marking    ] GC(2) Concurrent Create Live Data
[2017-12-13T12:07:56.790+0500][gc,marking    ] GC(2) Concurrent Create Live Data 1.019ms
[2017-12-13T12:07:56.790+0500][gc,start      ] GC(2) Pause Cleanup
[2017-12-13T12:07:56.791+0500][gc            ] GC(2) Pause Cleanup 12M->9M(1024M) 0.416ms
[2017-12-13T12:07:56.791+0500][gc,cpu        ] GC(2) User=0.00s Sys=0.00s Real=0.00s
[2017-12-13T12:07:56.791+0500][gc,marking    ] GC(2) Concurrent Complete Cleanup
[2017-12-13T12:07:56.792+0500][gc,marking    ] GC(2) Concurrent Complete Cleanup 0.878ms
[2017-12-13T12:07:56.792+0500][gc,marking    ] GC(2) Concurrent Cleanup for Next Mark
[2017-12-13T12:07:56.796+0500][gc,marking    ] GC(2) Concurrent Cleanup for Next Mark 4.868ms
[2017-12-13T12:07:56.796+0500][gc            ] GC(2) Concurrent Cycle 14.081ms
[2017-12-13T12:07:57.530+0500][gc,start      ] GC(3) Pause Young (G1 Evacuation Pause)
[2017-12-13T12:07:57.530+0500][gc,task       ] GC(3) Using 8 workers of 8 for evacuation
[2017-12-13T12:07:57.534+0500][gc,phases     ] GC(3)   Pre Evacuate Collection Set: 0.0ms
[2017-12-13T12:07:57.534+0500][gc,phases     ] GC(3)   Evacuate Collection Set: 2.3ms
[2017-12-13T12:07:57.534+0500][gc,phases     ] GC(3)   Post Evacuate Collection Set: 1.7ms
[2017-12-13T12:07:57.534+0500][gc,phases     ] GC(3)   Other: 0.1ms
[2017-12-13T12:07:57.534+0500][gc,heap       ] GC(3) Eden regions: 48->0(44)
[2017-12-13T12:07:57.534+0500][gc,heap       ] GC(3) Survivor regions: 3->7(7)
[2017-12-13T12:07:57.534+0500][gc,heap       ] GC(3) Old regions: 6->6
[2017-12-13T12:07:57.534+0500][gc,heap       ] GC(3) Humongous regions: 130->130
[2017-12-13T12:07:57.534+0500][gc,metaspace  ] GC(3) Metaspace: 26711K->26711K(1073152K)
[2017-12-13T12:07:57.534+0500][gc            ] GC(3) Pause Young (G1 Evacuation Pause) 185M->143M(1024M) 4.253ms
[2017-12-13T12:07:57.534+0500][gc,cpu        ] GC(3) User=0.02s Sys=0.00s Real=0.00s
[2017-12-13T12:07:58.122+0500][gc,start      ] GC(4) Pause Young (G1 Evacuation Pause)
[2017-12-13T12:07:58.122+0500][gc,task       ] GC(4) Using 8 workers of 8 for evacuation
[2017-12-13T12:07:58.131+0500][gc,phases     ] GC(4)   Pre Evacuate Collection Set: 0.0ms
[2017-12-13T12:07:58.131+0500][gc,phases     ] GC(4)   Evacuate Collection Set: 4.8ms
[2017-12-13T12:07:58.131+0500][gc,phases     ] GC(4)   Post Evacuate Collection Set: 3.8ms
[2017-12-13T12:07:58.131+0500][gc,phases     ] GC(4)   Other: 0.2ms
[2017-12-13T12:07:58.131+0500][gc,heap       ] GC(4) Eden regions: 44->0(46)
[2017-12-13T12:07:58.131+0500][gc,heap       ] GC(4) Survivor regions: 7->5(7)
[2017-12-13T12:07:58.131+0500][gc,heap       ] GC(4) Old regions: 6->9
[2017-12-13T12:07:58.131+0500][gc,heap       ] GC(4) Humongous regions: 130->130
[2017-12-13T12:07:58.131+0500][gc,metaspace  ] GC(4) Metaspace: 30913K->30913K(1077248K)
[2017-12-13T12:07:58.131+0500][gc            ] GC(4) Pause Young (G1 Evacuation Pause) 187M->143M(1024M) 8.977ms
[2017-12-13T12:07:58.131+0500][gc,cpu        ] GC(4) User=0.05s Sys=0.01s Real=0.01s
[2017-12-13T12:12:09.008+0500][gc,start      ] GC(5) Pause Young (G1 Evacuation Pause)
[2017-12-13T12:12:09.008+0500][gc,task       ] GC(5) Using 8 workers of 8 for evacuation
[2017-12-13T12:12:09.013+0500][gc,phases     ] GC(5)   Pre Evacuate Collection Set: 0.0ms
[2017-12-13T12:12:09.013+0500][gc,phases     ] GC(5)   Evacuate Collection Set: 3.7ms
[2017-12-13T12:12:09.013+0500][gc,phases     ] GC(5)   Post Evacuate Collection Set: 1.0ms
[2017-12-13T12:12:09.013+0500][gc,phases     ] GC(5)   Other: 0.2ms
[2017-12-13T12:12:09.013+0500][gc,heap       ] GC(5) Eden regions: 46->0(47)
[2017-12-13T12:12:09.013+0500][gc,heap       ] GC(5) Survivor regions: 5->4(7)
[2017-12-13T12:12:09.013+0500][gc,heap       ] GC(5) Old regions: 9->10
[2017-12-13T12:12:09.013+0500][gc,heap       ] GC(5) Humongous regions: 148->130
[2017-12-13T12:12:09.013+0500][gc,metaspace  ] GC(5) Metaspace: 33743K->33743K(1079296K)
[2017-12-13T12:12:09.013+0500][gc            ] GC(5) Pause Young (G1 Evacuation Pause) 207M->142M(1024M) 5.051ms
[2017-12-13T12:12:09.013+0500][gc,cpu        ] GC(5) User=0.03s Sys=0.00s Real=0.01s
