[2017-12-13T19:09:03.794+0500][gc,heap] Heap region size: 1M
[2017-12-13T19:09:03.805+0500][gc     ] Using G1
[2017-12-13T19:09:03.805+0500][gc,heap,coops] Heap address: 0x0000000780000000, size: 1024 MB, Compressed Oops mode: Zero based, Oop shift amount: 3
[2017-12-13T19:09:09.798+0500][gc,start     ] GC(0) Pause Young (G1 Evacuation Pause)
[2017-12-13T19:09:09.798+0500][gc,task      ] GC(0) Using 8 workers of 8 for evacuation
[2017-12-13T19:09:09.811+0500][gc,phases    ] GC(0)   Pre Evacuate Collection Set: 0.0ms
[2017-12-13T19:09:09.811+0500][gc,phases    ] GC(0)   Evacuate Collection Set: 7.7ms
[2017-12-13T19:09:09.811+0500][gc,phases    ] GC(0)   Post Evacuate Collection Set: 4.4ms
[2017-12-13T19:09:09.811+0500][gc,phases    ] GC(0)   Other: 0.2ms
[2017-12-13T19:09:09.811+0500][gc,heap      ] GC(0) Eden regions: 51->0(44)
[2017-12-13T19:09:09.811+0500][gc,heap      ] GC(0) Survivor regions: 0->7(7)
[2017-12-13T19:09:09.811+0500][gc,heap      ] GC(0) Old regions: 0->4
[2017-12-13T19:09:09.811+0500][gc,heap      ] GC(0) Humongous regions: 1->1
[2017-12-13T19:09:09.811+0500][gc,metaspace ] GC(0) Metaspace: 19133K->19133K(1067008K)
[2017-12-13T19:09:09.811+0500][gc           ] GC(0) Pause Young (G1 Evacuation Pause) 52M->11M(1024M) 12.495ms
[2017-12-13T19:09:09.811+0500][gc,cpu       ] GC(0) User=0.04s Sys=0.02s Real=0.02s
[2017-12-13T19:09:09.876+0500][gc,start     ] GC(1) Pause Initial Mark (Metadata GC Threshold)
[2017-12-13T19:09:09.876+0500][gc,task      ] GC(1) Using 8 workers of 8 for evacuation
[2017-12-13T19:09:09.882+0500][gc,phases    ] GC(1)   Pre Evacuate Collection Set: 0.0ms
[2017-12-13T19:09:09.882+0500][gc,phases    ] GC(1)   Evacuate Collection Set: 5.3ms
[2017-12-13T19:09:09.882+0500][gc,phases    ] GC(1)   Post Evacuate Collection Set: 0.7ms
[2017-12-13T19:09:09.882+0500][gc,phases    ] GC(1)   Other: 0.1ms
[2017-12-13T19:09:09.882+0500][gc,heap      ] GC(1) Eden regions: 8->0(48)
[2017-12-13T19:09:09.882+0500][gc,heap      ] GC(1) Survivor regions: 7->3(7)
[2017-12-13T19:09:09.882+0500][gc,heap      ] GC(1) Old regions: 4->9
[2017-12-13T19:09:09.882+0500][gc,heap      ] GC(1) Humongous regions: 1->1
[2017-12-13T19:09:09.882+0500][gc,metaspace ] GC(1) Metaspace: 20684K->20684K(1069056K)
[2017-12-13T19:09:09.882+0500][gc           ] GC(1) Pause Initial Mark (Metadata GC Threshold) 18M->11M(1024M) 6.287ms
[2017-12-13T19:09:09.882+0500][gc,cpu       ] GC(1) User=0.02s Sys=0.01s Real=0.01s
[2017-12-13T19:09:09.882+0500][gc           ] GC(2) Concurrent Cycle
[2017-12-13T19:09:09.882+0500][gc,marking   ] GC(2) Concurrent Clear Claimed Marks
[2017-12-13T19:09:09.882+0500][gc,marking   ] GC(2) Concurrent Clear Claimed Marks 0.024ms
[2017-12-13T19:09:09.882+0500][gc,marking   ] GC(2) Concurrent Scan Root Regions
[2017-12-13T19:09:09.883+0500][gc,marking   ] GC(2) Concurrent Scan Root Regions 0.523ms
[2017-12-13T19:09:09.883+0500][gc,marking   ] GC(2) Concurrent Mark (6.103s)
[2017-12-13T19:09:09.883+0500][gc,marking   ] GC(2) Concurrent Mark From Roots
[2017-12-13T19:09:09.883+0500][gc,task      ] GC(2) Using 2 workers of 2 for marking
[2017-12-13T19:09:09.887+0500][gc,marking   ] GC(2) Concurrent Mark From Roots 3.637ms
[2017-12-13T19:09:09.887+0500][gc,marking   ] GC(2) Concurrent Mark (6.103s, 6.107s) 3.684ms
[2017-12-13T19:09:09.887+0500][gc,start     ] GC(2) Pause Remark
[2017-12-13T19:09:09.889+0500][gc,stringtable] GC(2) Cleaned string and symbol table, strings: 8672 processed, 0 removed, symbols: 69772 processed, 37 removed
[2017-12-13T19:09:09.889+0500][gc            ] GC(2) Pause Remark 12M->12M(1024M) 1.865ms
[2017-12-13T19:09:09.889+0500][gc,cpu        ] GC(2) User=0.01s Sys=0.00s Real=0.00s
[2017-12-13T19:09:09.889+0500][gc,marking    ] GC(2) Concurrent Create Live Data
[2017-12-13T19:09:09.890+0500][gc,marking    ] GC(2) Concurrent Create Live Data 0.999ms
[2017-12-13T19:09:09.890+0500][gc,start      ] GC(2) Pause Cleanup
[2017-12-13T19:09:09.890+0500][gc            ] GC(2) Pause Cleanup 12M->9M(1024M) 0.436ms
[2017-12-13T19:09:09.890+0500][gc,cpu        ] GC(2) User=0.00s Sys=0.00s Real=0.00s
[2017-12-13T19:09:09.890+0500][gc,marking    ] GC(2) Concurrent Complete Cleanup
[2017-12-13T19:09:09.890+0500][gc,marking    ] GC(2) Concurrent Complete Cleanup 0.038ms
[2017-12-13T19:09:09.890+0500][gc,marking    ] GC(2) Concurrent Cleanup for Next Mark
[2017-12-13T19:09:09.896+0500][gc,marking    ] GC(2) Concurrent Cleanup for Next Mark 5.213ms
[2017-12-13T19:09:09.896+0500][gc            ] GC(2) Concurrent Cycle 13.342ms
[2017-12-13T19:09:10.652+0500][gc,start      ] GC(3) Pause Young (G1 Evacuation Pause)
[2017-12-13T19:09:10.652+0500][gc,task       ] GC(3) Using 8 workers of 8 for evacuation
[2017-12-13T19:09:10.656+0500][gc,phases     ] GC(3)   Pre Evacuate Collection Set: 0.0ms
[2017-12-13T19:09:10.656+0500][gc,phases     ] GC(3)   Evacuate Collection Set: 2.4ms
[2017-12-13T19:09:10.656+0500][gc,phases     ] GC(3)   Post Evacuate Collection Set: 1.8ms
[2017-12-13T19:09:10.656+0500][gc,phases     ] GC(3)   Other: 0.1ms
[2017-12-13T19:09:10.657+0500][gc,heap       ] GC(3) Eden regions: 48->0(44)
[2017-12-13T19:09:10.657+0500][gc,heap       ] GC(3) Survivor regions: 3->7(7)
[2017-12-13T19:09:10.657+0500][gc,heap       ] GC(3) Old regions: 6->6
[2017-12-13T19:09:10.657+0500][gc,heap       ] GC(3) Humongous regions: 130->130
[2017-12-13T19:09:10.657+0500][gc,metaspace  ] GC(3) Metaspace: 26695K->26695K(1073152K)
[2017-12-13T19:09:10.657+0500][gc            ] GC(3) Pause Young (G1 Evacuation Pause) 185M->143M(1024M) 4.417ms
[2017-12-13T19:09:10.657+0500][gc,cpu        ] GC(3) User=0.02s Sys=0.01s Real=0.00s
[2017-12-13T19:09:11.240+0500][gc,start      ] GC(4) Pause Young (G1 Evacuation Pause)
[2017-12-13T19:09:11.240+0500][gc,task       ] GC(4) Using 8 workers of 8 for evacuation
[2017-12-13T19:09:11.248+0500][gc,phases     ] GC(4)   Pre Evacuate Collection Set: 0.1ms
[2017-12-13T19:09:11.249+0500][gc,phases     ] GC(4)   Evacuate Collection Set: 6.2ms
[2017-12-13T19:09:11.249+0500][gc,phases     ] GC(4)   Post Evacuate Collection Set: 1.7ms
[2017-12-13T19:09:11.249+0500][gc,phases     ] GC(4)   Other: 0.3ms
[2017-12-13T19:09:11.249+0500][gc,heap       ] GC(4) Eden regions: 44->0(46)
[2017-12-13T19:09:11.249+0500][gc,heap       ] GC(4) Survivor regions: 7->5(7)
[2017-12-13T19:09:11.249+0500][gc,heap       ] GC(4) Old regions: 6->9
[2017-12-13T19:09:11.249+0500][gc,heap       ] GC(4) Humongous regions: 130->130
[2017-12-13T19:09:11.249+0500][gc,metaspace  ] GC(4) Metaspace: 30890K->30890K(1077248K)
[2017-12-13T19:09:11.249+0500][gc            ] GC(4) Pause Young (G1 Evacuation Pause) 187M->143M(1024M) 8.409ms
[2017-12-13T19:09:11.249+0500][gc,cpu        ] GC(4) User=0.04s Sys=0.00s Real=0.00s
[2017-12-13T19:10:52.453+0500][gc,start      ] GC(5) Pause Young (G1 Evacuation Pause)
[2017-12-13T19:10:52.453+0500][gc,task       ] GC(5) Using 8 workers of 8 for evacuation
[2017-12-13T19:10:52.458+0500][gc,phases     ] GC(5)   Pre Evacuate Collection Set: 0.0ms
[2017-12-13T19:10:52.458+0500][gc,phases     ] GC(5)   Evacuate Collection Set: 3.6ms
[2017-12-13T19:10:52.458+0500][gc,phases     ] GC(5)   Post Evacuate Collection Set: 1.0ms
[2017-12-13T19:10:52.458+0500][gc,phases     ] GC(5)   Other: 0.2ms
[2017-12-13T19:10:52.458+0500][gc,heap       ] GC(5) Eden regions: 46->0(47)
[2017-12-13T19:10:52.458+0500][gc,heap       ] GC(5) Survivor regions: 5->4(7)
[2017-12-13T19:10:52.458+0500][gc,heap       ] GC(5) Old regions: 9->10
[2017-12-13T19:10:52.458+0500][gc,heap       ] GC(5) Humongous regions: 178->130
[2017-12-13T19:10:52.458+0500][gc,metaspace  ] GC(5) Metaspace: 33693K->33693K(1079296K)
[2017-12-13T19:10:52.458+0500][gc            ] GC(5) Pause Young (G1 Evacuation Pause) 237M->143M(1024M) 4.991ms
[2017-12-13T19:10:52.458+0500][gc,cpu        ] GC(5) User=0.03s Sys=0.00s Real=0.00s
[2017-12-13T19:16:36.625+0500][gc,start      ] GC(6) Pause Young (G1 Evacuation Pause)
[2017-12-13T19:16:36.625+0500][gc,task       ] GC(6) Using 8 workers of 8 for evacuation
[2017-12-13T19:16:36.629+0500][gc,phases     ] GC(6)   Pre Evacuate Collection Set: 0.0ms
[2017-12-13T19:16:36.629+0500][gc,phases     ] GC(6)   Evacuate Collection Set: 3.5ms
[2017-12-13T19:16:36.629+0500][gc,phases     ] GC(6)   Post Evacuate Collection Set: 0.4ms
[2017-12-13T19:16:36.629+0500][gc,phases     ] GC(6)   Other: 0.2ms
[2017-12-13T19:16:36.629+0500][gc,heap       ] GC(6) Eden regions: 47->0(48)
[2017-12-13T19:16:36.629+0500][gc,heap       ] GC(6) Survivor regions: 4->3(7)
[2017-12-13T19:16:36.629+0500][gc,heap       ] GC(6) Old regions: 10->10
[2017-12-13T19:16:36.629+0500][gc,heap       ] GC(6) Humongous regions: 130->130
[2017-12-13T19:16:36.629+0500][gc,metaspace  ] GC(6) Metaspace: 34064K->34064K(1079296K)
[2017-12-13T19:16:36.629+0500][gc            ] GC(6) Pause Young (G1 Evacuation Pause) 190M->142M(1024M) 4.268ms
[2017-12-13T19:16:36.629+0500][gc,cpu        ] GC(6) User=0.02s Sys=0.00s Real=0.00s
[2017-12-13T19:20:38.194+0500][gc,start      ] GC(7) Pause Young (G1 Evacuation Pause)
[2017-12-13T19:20:38.194+0500][gc,task       ] GC(7) Using 8 workers of 8 for evacuation
[2017-12-13T19:20:38.198+0500][gc,phases     ] GC(7)   Pre Evacuate Collection Set: 0.0ms
[2017-12-13T19:20:38.198+0500][gc,phases     ] GC(7)   Evacuate Collection Set: 2.8ms
[2017-12-13T19:20:38.198+0500][gc,phases     ] GC(7)   Post Evacuate Collection Set: 0.3ms
[2017-12-13T19:20:38.198+0500][gc,phases     ] GC(7)   Other: 0.2ms
[2017-12-13T19:20:38.198+0500][gc,heap       ] GC(7) Eden regions: 48->0(122)
[2017-12-13T19:20:38.198+0500][gc,heap       ] GC(7) Survivor regions: 3->3(7)
[2017-12-13T19:20:38.198+0500][gc,heap       ] GC(7) Old regions: 10->10
[2017-12-13T19:20:38.198+0500][gc,heap       ] GC(7) Humongous regions: 130->130
[2017-12-13T19:20:38.198+0500][gc,metaspace  ] GC(7) Metaspace: 34183K->34183K(1079296K)
[2017-12-13T19:20:38.198+0500][gc            ] GC(7) Pause Young (G1 Evacuation Pause) 190M->142M(1024M) 3.546ms
[2017-12-13T19:20:38.198+0500][gc,cpu        ] GC(7) User=0.03s Sys=0.00s Real=0.00s
[2017-12-13T19:41:31.129+0500][gc,start      ] GC(8) Pause Young (G1 Evacuation Pause)
[2017-12-13T19:41:31.129+0500][gc,task       ] GC(8) Using 8 workers of 8 for evacuation
[2017-12-13T19:41:31.135+0500][gc,phases     ] GC(8)   Pre Evacuate Collection Set: 0.0ms
[2017-12-13T19:41:31.135+0500][gc,phases     ] GC(8)   Evacuate Collection Set: 4.5ms
[2017-12-13T19:41:31.135+0500][gc,phases     ] GC(8)   Post Evacuate Collection Set: 0.5ms
[2017-12-13T19:41:31.135+0500][gc,phases     ] GC(8)   Other: 0.3ms
[2017-12-13T19:41:31.135+0500][gc,heap       ] GC(8) Eden regions: 122->0(306)
[2017-12-13T19:41:31.135+0500][gc,heap       ] GC(8) Survivor regions: 3->3(16)
[2017-12-13T19:41:31.135+0500][gc,heap       ] GC(8) Old regions: 10->10
[2017-12-13T19:41:31.135+0500][gc,heap       ] GC(8) Humongous regions: 130->130
[2017-12-13T19:41:31.135+0500][gc,metaspace  ] GC(8) Metaspace: 34427K->34427K(1081344K)
[2017-12-13T19:41:31.135+0500][gc            ] GC(8) Pause Young (G1 Evacuation Pause) 264M->142M(1024M) 5.333ms
[2017-12-13T19:41:31.135+0500][gc,cpu        ] GC(8) User=0.02s Sys=0.00s Real=0.01s
