[2017-12-13T18:42:51.566+0500][gc,heap] Heap region size: 1M
[2017-12-13T18:42:51.583+0500][gc     ] Using G1
[2017-12-13T18:42:51.583+0500][gc,heap,coops] Heap address: 0x0000000780000000, size: 1024 MB, Compressed Oops mode: Zero based, Oop shift amount: 3
[2017-12-13T18:42:57.863+0500][gc,start     ] GC(0) Pause Young (G1 Evacuation Pause)
[2017-12-13T18:42:57.863+0500][gc,task      ] GC(0) Using 8 workers of 8 for evacuation
[2017-12-13T18:42:57.878+0500][gc,phases    ] GC(0)   Pre Evacuate Collection Set: 0.1ms
[2017-12-13T18:42:57.878+0500][gc,phases    ] GC(0)   Evacuate Collection Set: 8.4ms
[2017-12-13T18:42:57.879+0500][gc,phases    ] GC(0)   Post Evacuate Collection Set: 6.4ms
[2017-12-13T18:42:57.879+0500][gc,phases    ] GC(0)   Other: 0.3ms
[2017-12-13T18:42:57.879+0500][gc,heap      ] GC(0) Eden regions: 51->0(44)
[2017-12-13T18:42:57.879+0500][gc,heap      ] GC(0) Survivor regions: 0->7(7)
[2017-12-13T18:42:57.879+0500][gc,heap      ] GC(0) Old regions: 0->4
[2017-12-13T18:42:57.879+0500][gc,heap      ] GC(0) Humongous regions: 1->1
[2017-12-13T18:42:57.879+0500][gc,metaspace ] GC(0) Metaspace: 19134K->19134K(1067008K)
[2017-12-13T18:42:57.879+0500][gc           ] GC(0) Pause Young (G1 Evacuation Pause) 52M->11M(1024M) 15.325ms
[2017-12-13T18:42:57.879+0500][gc,cpu       ] GC(0) User=0.04s Sys=0.01s Real=0.01s
[2017-12-13T18:42:57.986+0500][gc,start     ] GC(1) Pause Initial Mark (Metadata GC Threshold)
[2017-12-13T18:42:57.986+0500][gc,task      ] GC(1) Using 8 workers of 8 for evacuation
[2017-12-13T18:42:57.995+0500][gc,phases    ] GC(1)   Pre Evacuate Collection Set: 0.0ms
[2017-12-13T18:42:57.995+0500][gc,phases    ] GC(1)   Evacuate Collection Set: 8.0ms
[2017-12-13T18:42:57.995+0500][gc,phases    ] GC(1)   Post Evacuate Collection Set: 0.9ms
[2017-12-13T18:42:57.995+0500][gc,phases    ] GC(1)   Other: 0.1ms
[2017-12-13T18:42:57.995+0500][gc,heap      ] GC(1) Eden regions: 7->0(48)
[2017-12-13T18:42:57.995+0500][gc,heap      ] GC(1) Survivor regions: 7->3(7)
[2017-12-13T18:42:57.995+0500][gc,heap      ] GC(1) Old regions: 4->9
[2017-12-13T18:42:57.996+0500][gc,heap      ] GC(1) Humongous regions: 1->1
[2017-12-13T18:42:57.996+0500][gc,metaspace ] GC(1) Metaspace: 20626K->20626K(1069056K)
[2017-12-13T18:42:57.996+0500][gc           ] GC(1) Pause Initial Mark (Metadata GC Threshold) 18M->11M(1024M) 9.356ms
[2017-12-13T18:42:57.996+0500][gc,cpu       ] GC(1) User=0.04s Sys=0.00s Real=0.01s
[2017-12-13T18:42:57.996+0500][gc           ] GC(2) Concurrent Cycle
[2017-12-13T18:42:57.996+0500][gc,marking   ] GC(2) Concurrent Clear Claimed Marks
[2017-12-13T18:42:57.996+0500][gc,marking   ] GC(2) Concurrent Clear Claimed Marks 0.027ms
[2017-12-13T18:42:57.996+0500][gc,marking   ] GC(2) Concurrent Scan Root Regions
[2017-12-13T18:42:57.996+0500][gc,marking   ] GC(2) Concurrent Scan Root Regions 0.521ms
[2017-12-13T18:42:57.996+0500][gc,marking   ] GC(2) Concurrent Mark (6.444s)
[2017-12-13T18:42:57.996+0500][gc,marking   ] GC(2) Concurrent Mark From Roots
[2017-12-13T18:42:57.996+0500][gc,task      ] GC(2) Using 2 workers of 2 for marking
[2017-12-13T18:42:58.003+0500][gc,marking   ] GC(2) Concurrent Mark From Roots 7.237ms
[2017-12-13T18:42:58.004+0500][gc,marking   ] GC(2) Concurrent Mark (6.444s, 6.452s) 7.298ms
[2017-12-13T18:42:58.004+0500][gc,start     ] GC(2) Pause Remark
[2017-12-13T18:42:58.007+0500][gc,stringtable] GC(2) Cleaned string and symbol table, strings: 8640 processed, 0 removed, symbols: 69641 processed, 38 removed
[2017-12-13T18:42:58.008+0500][gc            ] GC(2) Pause Remark 12M->12M(1024M) 3.201ms
[2017-12-13T18:42:58.008+0500][gc,cpu        ] GC(2) User=0.01s Sys=0.00s Real=0.00s
[2017-12-13T18:42:58.008+0500][gc,marking    ] GC(2) Concurrent Create Live Data
[2017-12-13T18:42:58.009+0500][gc,marking    ] GC(2) Concurrent Create Live Data 1.412ms
[2017-12-13T18:42:58.009+0500][gc,start      ] GC(2) Pause Cleanup
[2017-12-13T18:42:58.010+0500][gc            ] GC(2) Pause Cleanup 12M->9M(1024M) 0.645ms
[2017-12-13T18:42:58.010+0500][gc,cpu        ] GC(2) User=0.01s Sys=0.00s Real=0.01s
[2017-12-13T18:42:58.010+0500][gc,marking    ] GC(2) Concurrent Complete Cleanup
[2017-12-13T18:42:58.010+0500][gc,marking    ] GC(2) Concurrent Complete Cleanup 0.043ms
[2017-12-13T18:42:58.010+0500][gc,marking    ] GC(2) Concurrent Cleanup for Next Mark
[2017-12-13T18:42:58.018+0500][gc,marking    ] GC(2) Concurrent Cleanup for Next Mark 8.047ms
[2017-12-13T18:42:58.018+0500][gc            ] GC(2) Concurrent Cycle 22.513ms
[2017-12-13T18:42:59.030+0500][gc,start      ] GC(3) Pause Young (G1 Evacuation Pause)
[2017-12-13T18:42:59.031+0500][gc,task       ] GC(3) Using 8 workers of 8 for evacuation
[2017-12-13T18:42:59.036+0500][gc,phases     ] GC(3)   Pre Evacuate Collection Set: 0.0ms
[2017-12-13T18:42:59.036+0500][gc,phases     ] GC(3)   Evacuate Collection Set: 3.0ms
[2017-12-13T18:42:59.036+0500][gc,phases     ] GC(3)   Post Evacuate Collection Set: 2.2ms
[2017-12-13T18:42:59.036+0500][gc,phases     ] GC(3)   Other: 0.1ms
[2017-12-13T18:42:59.036+0500][gc,heap       ] GC(3) Eden regions: 48->0(44)
[2017-12-13T18:42:59.036+0500][gc,heap       ] GC(3) Survivor regions: 3->7(7)
[2017-12-13T18:42:59.036+0500][gc,heap       ] GC(3) Old regions: 6->6
[2017-12-13T18:42:59.036+0500][gc,heap       ] GC(3) Humongous regions: 130->130
[2017-12-13T18:42:59.036+0500][gc,metaspace  ] GC(3) Metaspace: 26622K->26622K(1073152K)
[2017-12-13T18:42:59.036+0500][gc            ] GC(3) Pause Young (G1 Evacuation Pause) 185M->142M(1024M) 5.466ms
[2017-12-13T18:42:59.036+0500][gc,cpu        ] GC(3) User=0.02s Sys=0.00s Real=0.00s
[2017-12-13T18:42:59.822+0500][gc,start      ] GC(4) Pause Young (G1 Evacuation Pause)
[2017-12-13T18:42:59.822+0500][gc,task       ] GC(4) Using 8 workers of 8 for evacuation
[2017-12-13T18:42:59.828+0500][gc,phases     ] GC(4)   Pre Evacuate Collection Set: 0.1ms
[2017-12-13T18:42:59.828+0500][gc,phases     ] GC(4)   Evacuate Collection Set: 4.2ms
[2017-12-13T18:42:59.828+0500][gc,phases     ] GC(4)   Post Evacuate Collection Set: 1.5ms
[2017-12-13T18:42:59.828+0500][gc,phases     ] GC(4)   Other: 0.2ms
[2017-12-13T18:42:59.828+0500][gc,heap       ] GC(4) Eden regions: 44->0(46)
[2017-12-13T18:42:59.828+0500][gc,heap       ] GC(4) Survivor regions: 7->5(7)
[2017-12-13T18:42:59.828+0500][gc,heap       ] GC(4) Old regions: 6->9
[2017-12-13T18:42:59.828+0500][gc,heap       ] GC(4) Humongous regions: 130->130
[2017-12-13T18:42:59.828+0500][gc,metaspace  ] GC(4) Metaspace: 30891K->30891K(1077248K)
[2017-12-13T18:42:59.828+0500][gc            ] GC(4) Pause Young (G1 Evacuation Pause) 186M->143M(1024M) 6.062ms
[2017-12-13T18:42:59.828+0500][gc,cpu        ] GC(4) User=0.04s Sys=0.00s Real=0.00s
[2017-12-13T18:46:03.523+0500][gc,start      ] GC(5) Pause Young (G1 Evacuation Pause)
[2017-12-13T18:46:03.523+0500][gc,task       ] GC(5) Using 8 workers of 8 for evacuation
[2017-12-13T18:46:03.529+0500][gc,phases     ] GC(5)   Pre Evacuate Collection Set: 0.0ms
[2017-12-13T18:46:03.529+0500][gc,phases     ] GC(5)   Evacuate Collection Set: 4.2ms
[2017-12-13T18:46:03.529+0500][gc,phases     ] GC(5)   Post Evacuate Collection Set: 1.0ms
[2017-12-13T18:46:03.529+0500][gc,phases     ] GC(5)   Other: 0.2ms
[2017-12-13T18:46:03.529+0500][gc,heap       ] GC(5) Eden regions: 46->0(48)
[2017-12-13T18:46:03.529+0500][gc,heap       ] GC(5) Survivor regions: 5->3(7)
[2017-12-13T18:46:03.529+0500][gc,heap       ] GC(5) Old regions: 9->10
[2017-12-13T18:46:03.529+0500][gc,heap       ] GC(5) Humongous regions: 172->130
[2017-12-13T18:46:03.529+0500][gc,metaspace  ] GC(5) Metaspace: 33534K->33534K(1079296K)
[2017-12-13T18:46:03.529+0500][gc            ] GC(5) Pause Young (G1 Evacuation Pause) 231M->142M(1024M) 5.480ms
[2017-12-13T18:46:03.529+0500][gc,cpu        ] GC(5) User=0.03s Sys=0.00s Real=0.00s
[2017-12-13T19:08:17.367+0500][gc,heap,exit  ] Heap
[2017-12-13T19:08:17.367+0500][gc,heap,exit  ]  garbage-first heap   total 1048576K, used 179986K [0x0000000780000000, 0x0000000780102000, 0x00000007c0000000)
[2017-12-13T19:08:17.367+0500][gc,heap,exit  ]   region size 1024K, 37 young (37888K), 3 survivors (3072K)
[2017-12-13T19:08:17.367+0500][gc,heap,exit  ]  Metaspace       used 34421K, capacity 34972K, committed 35200K, reserved 1079296K
[2017-12-13T19:08:17.368+0500][gc,heap,exit  ]   class space    used 4323K, capacity 4444K, committed 4480K, reserved 1048576K
