[2017-12-13T17:11:37.439+0500][gc,heap] Heap region size: 1M
[2017-12-13T17:11:37.449+0500][gc     ] Using G1
[2017-12-13T17:11:37.449+0500][gc,heap,coops] Heap address: 0x0000000780000000, size: 1024 MB, Compressed Oops mode: Zero based, Oop shift amount: 3
[2017-12-13T17:11:49.256+0500][gc,start     ] GC(0) Pause Young (G1 Evacuation Pause)
[2017-12-13T17:11:49.256+0500][gc,task      ] GC(0) Using 8 workers of 8 for evacuation
[2017-12-13T17:11:49.267+0500][gc,phases    ] GC(0)   Pre Evacuate Collection Set: 0.0ms
[2017-12-13T17:11:49.267+0500][gc,phases    ] GC(0)   Evacuate Collection Set: 6.9ms
[2017-12-13T17:11:49.267+0500][gc,phases    ] GC(0)   Post Evacuate Collection Set: 4.1ms
[2017-12-13T17:11:49.267+0500][gc,phases    ] GC(0)   Other: 0.2ms
[2017-12-13T17:11:49.267+0500][gc,heap      ] GC(0) Eden regions: 51->0(44)
[2017-12-13T17:11:49.267+0500][gc,heap      ] GC(0) Survivor regions: 0->7(7)
[2017-12-13T17:11:49.267+0500][gc,heap      ] GC(0) Old regions: 0->3
[2017-12-13T17:11:49.267+0500][gc,heap      ] GC(0) Humongous regions: 1->1
[2017-12-13T17:11:49.267+0500][gc,metaspace ] GC(0) Metaspace: 18936K->18936K(1067008K)
[2017-12-13T17:11:49.267+0500][gc           ] GC(0) Pause Young (G1 Evacuation Pause) 52M->10M(1024M) 11.243ms
[2017-12-13T17:11:49.267+0500][gc,cpu       ] GC(0) User=0.05s Sys=0.01s Real=0.01s
[2017-12-13T17:11:49.275+0500][gc,heap,exit ] Heap
[2017-12-13T17:11:49.275+0500][gc,heap,exit ]  garbage-first heap   total 1048576K, used 11110K [0x0000000780000000, 0x0000000780102000, 0x00000007c0000000)
[2017-12-13T17:11:49.275+0500][gc,heap,exit ]   region size 1024K, 8 young (8192K), 7 survivors (7168K)
[2017-12-13T17:11:49.275+0500][gc,heap,exit ]  Metaspace       used 18967K, capacity 19492K, committed 19712K, reserved 1067008K
[2017-12-13T17:11:49.275+0500][gc,heap,exit ]   class space    used 2325K, capacity 2453K, committed 2560K, reserved 1048576K
