[2017-12-13T13:55:51.408+0500][gc,heap] Heap region size: 1M
[2017-12-13T13:55:51.419+0500][gc     ] Using G1
[2017-12-13T13:55:51.419+0500][gc,heap,coops] Heap address: 0x0000000780000000, size: 1024 MB, Compressed Oops mode: Zero based, Oop shift amount: 3
[2017-12-13T13:55:57.658+0500][gc,start     ] GC(0) Pause Young (G1 Evacuation Pause)
[2017-12-13T13:55:57.658+0500][gc,task      ] GC(0) Using 8 workers of 8 for evacuation
[2017-12-13T13:55:57.667+0500][gc,phases    ] GC(0)   Pre Evacuate Collection Set: 0.0ms
[2017-12-13T13:55:57.667+0500][gc,phases    ] GC(0)   Evacuate Collection Set: 5.7ms
[2017-12-13T13:55:57.667+0500][gc,phases    ] GC(0)   Post Evacuate Collection Set: 4.0ms
[2017-12-13T13:55:57.667+0500][gc,phases    ] GC(0)   Other: 0.1ms
[2017-12-13T13:55:57.668+0500][gc,heap      ] GC(0) Eden regions: 51->0(44)
[2017-12-13T13:55:57.668+0500][gc,heap      ] GC(0) Survivor regions: 0->7(7)
[2017-12-13T13:55:57.668+0500][gc,heap      ] GC(0) Old regions: 0->4
[2017-12-13T13:55:57.668+0500][gc,heap      ] GC(0) Humongous regions: 1->1
[2017-12-13T13:55:57.668+0500][gc,metaspace ] GC(0) Metaspace: 19135K->19135K(1067008K)
[2017-12-13T13:55:57.668+0500][gc           ] GC(0) Pause Young (G1 Evacuation Pause) 52M->11M(1024M) 9.930ms
[2017-12-13T13:55:57.668+0500][gc,cpu       ] GC(0) User=0.03s Sys=0.01s Real=0.01s
[2017-12-13T13:55:57.777+0500][gc,start     ] GC(1) Pause Initial Mark (Metadata GC Threshold)
[2017-12-13T13:55:57.777+0500][gc,task      ] GC(1) Using 8 workers of 8 for evacuation
[2017-12-13T13:55:57.783+0500][gc,phases    ] GC(1)   Pre Evacuate Collection Set: 0.0ms
[2017-12-13T13:55:57.783+0500][gc,phases    ] GC(1)   Evacuate Collection Set: 5.3ms
[2017-12-13T13:55:57.783+0500][gc,phases    ] GC(1)   Post Evacuate Collection Set: 0.6ms
[2017-12-13T13:55:57.784+0500][gc,phases    ] GC(1)   Other: 0.1ms
[2017-12-13T13:55:57.784+0500][gc,heap      ] GC(1) Eden regions: 8->0(48)
[2017-12-13T13:55:57.784+0500][gc,heap      ] GC(1) Survivor regions: 7->3(7)
[2017-12-13T13:55:57.784+0500][gc,heap      ] GC(1) Old regions: 4->9
[2017-12-13T13:55:57.784+0500][gc,heap      ] GC(1) Humongous regions: 1->1
[2017-12-13T13:55:57.784+0500][gc,metaspace ] GC(1) Metaspace: 20694K->20694K(1069056K)
[2017-12-13T13:55:57.784+0500][gc           ] GC(1) Pause Initial Mark (Metadata GC Threshold) 18M->11M(1024M) 6.165ms
[2017-12-13T13:55:57.784+0500][gc,cpu       ] GC(1) User=0.03s Sys=0.01s Real=0.01s
[2017-12-13T13:55:57.784+0500][gc           ] GC(2) Concurrent Cycle
[2017-12-13T13:55:57.784+0500][gc,marking   ] GC(2) Concurrent Clear Claimed Marks
[2017-12-13T13:55:57.784+0500][gc,marking   ] GC(2) Concurrent Clear Claimed Marks 0.023ms
[2017-12-13T13:55:57.784+0500][gc,marking   ] GC(2) Concurrent Scan Root Regions
[2017-12-13T13:55:57.784+0500][gc,marking   ] GC(2) Concurrent Scan Root Regions 0.491ms
[2017-12-13T13:55:57.784+0500][gc,marking   ] GC(2) Concurrent Mark (6.388s)
[2017-12-13T13:55:57.784+0500][gc,marking   ] GC(2) Concurrent Mark From Roots
[2017-12-13T13:55:57.784+0500][gc,task      ] GC(2) Using 2 workers of 2 for marking
[2017-12-13T13:55:57.788+0500][gc,marking   ] GC(2) Concurrent Mark From Roots 3.710ms
[2017-12-13T13:55:57.788+0500][gc,marking   ] GC(2) Concurrent Mark (6.388s, 6.391s) 3.754ms
[2017-12-13T13:55:57.788+0500][gc,start     ] GC(2) Pause Remark
[2017-12-13T13:55:57.790+0500][gc,stringtable] GC(2) Cleaned string and symbol table, strings: 8671 processed, 0 removed, symbols: 69787 processed, 37 removed
[2017-12-13T13:55:57.790+0500][gc            ] GC(2) Pause Remark 12M->12M(1024M) 1.909ms
[2017-12-13T13:55:57.790+0500][gc,cpu        ] GC(2) User=0.01s Sys=0.00s Real=0.01s
[2017-12-13T13:55:57.790+0500][gc,marking    ] GC(2) Concurrent Create Live Data
[2017-12-13T13:55:57.791+0500][gc,marking    ] GC(2) Concurrent Create Live Data 0.909ms
[2017-12-13T13:55:57.791+0500][gc,start      ] GC(2) Pause Cleanup
[2017-12-13T13:55:57.791+0500][gc            ] GC(2) Pause Cleanup 12M->9M(1024M) 0.389ms
[2017-12-13T13:55:57.791+0500][gc,cpu        ] GC(2) User=0.00s Sys=0.00s Real=0.00s
[2017-12-13T13:55:57.791+0500][gc,marking    ] GC(2) Concurrent Complete Cleanup
[2017-12-13T13:55:57.792+0500][gc,marking    ] GC(2) Concurrent Complete Cleanup 0.858ms
[2017-12-13T13:55:57.792+0500][gc,marking    ] GC(2) Concurrent Cleanup for Next Mark
[2017-12-13T13:55:57.798+0500][gc,marking    ] GC(2) Concurrent Cleanup for Next Mark 5.202ms
[2017-12-13T13:55:57.798+0500][gc            ] GC(2) Concurrent Cycle 13.997ms
[2017-12-13T13:55:58.584+0500][gc,start      ] GC(3) Pause Young (G1 Evacuation Pause)
[2017-12-13T13:55:58.584+0500][gc,task       ] GC(3) Using 8 workers of 8 for evacuation
[2017-12-13T13:55:58.588+0500][gc,phases     ] GC(3)   Pre Evacuate Collection Set: 0.0ms
[2017-12-13T13:55:58.588+0500][gc,phases     ] GC(3)   Evacuate Collection Set: 2.5ms
[2017-12-13T13:55:58.588+0500][gc,phases     ] GC(3)   Post Evacuate Collection Set: 1.8ms
[2017-12-13T13:55:58.588+0500][gc,phases     ] GC(3)   Other: 0.1ms
[2017-12-13T13:55:58.588+0500][gc,heap       ] GC(3) Eden regions: 48->0(44)
[2017-12-13T13:55:58.588+0500][gc,heap       ] GC(3) Survivor regions: 3->7(7)
[2017-12-13T13:55:58.588+0500][gc,heap       ] GC(3) Old regions: 6->6
[2017-12-13T13:55:58.588+0500][gc,heap       ] GC(3) Humongous regions: 130->130
[2017-12-13T13:55:58.588+0500][gc,metaspace  ] GC(3) Metaspace: 26774K->26774K(1073152K)
[2017-12-13T13:55:58.588+0500][gc            ] GC(3) Pause Young (G1 Evacuation Pause) 185M->142M(1024M) 4.527ms
[2017-12-13T13:55:58.588+0500][gc,cpu        ] GC(3) User=0.02s Sys=0.00s Real=0.00s
[2017-12-13T13:55:59.255+0500][gc,start      ] GC(4) Pause Young (G1 Evacuation Pause)
[2017-12-13T13:55:59.255+0500][gc,task       ] GC(4) Using 8 workers of 8 for evacuation
[2017-12-13T13:55:59.259+0500][gc,phases     ] GC(4)   Pre Evacuate Collection Set: 0.0ms
[2017-12-13T13:55:59.259+0500][gc,phases     ] GC(4)   Evacuate Collection Set: 3.0ms
[2017-12-13T13:55:59.259+0500][gc,phases     ] GC(4)   Post Evacuate Collection Set: 1.1ms
[2017-12-13T13:55:59.259+0500][gc,phases     ] GC(4)   Other: 0.1ms
[2017-12-13T13:55:59.259+0500][gc,heap       ] GC(4) Eden regions: 44->0(46)
[2017-12-13T13:55:59.259+0500][gc,heap       ] GC(4) Survivor regions: 7->5(7)
[2017-12-13T13:55:59.259+0500][gc,heap       ] GC(4) Old regions: 6->9
[2017-12-13T13:55:59.259+0500][gc,heap       ] GC(4) Humongous regions: 130->130
[2017-12-13T13:55:59.259+0500][gc,metaspace  ] GC(4) Metaspace: 30940K->30940K(1077248K)
[2017-12-13T13:55:59.259+0500][gc            ] GC(4) Pause Young (G1 Evacuation Pause) 186M->142M(1024M) 4.445ms
[2017-12-13T13:55:59.259+0500][gc,cpu        ] GC(4) User=0.03s Sys=0.00s Real=0.00s
[2017-12-13T13:59:24.344+0500][gc,start      ] GC(5) Pause Young (G1 Evacuation Pause)
[2017-12-13T13:59:24.344+0500][gc,task       ] GC(5) Using 8 workers of 8 for evacuation
[2017-12-13T13:59:24.350+0500][gc,phases     ] GC(5)   Pre Evacuate Collection Set: 0.0ms
[2017-12-13T13:59:24.350+0500][gc,phases     ] GC(5)   Evacuate Collection Set: 4.0ms
[2017-12-13T13:59:24.350+0500][gc,phases     ] GC(5)   Post Evacuate Collection Set: 1.4ms
[2017-12-13T13:59:24.350+0500][gc,phases     ] GC(5)   Other: 0.3ms
[2017-12-13T13:59:24.350+0500][gc,heap       ] GC(5) Eden regions: 46->0(47)
[2017-12-13T13:59:24.350+0500][gc,heap       ] GC(5) Survivor regions: 5->4(7)
[2017-12-13T13:59:24.350+0500][gc,heap       ] GC(5) Old regions: 9->10
[2017-12-13T13:59:24.350+0500][gc,heap       ] GC(5) Humongous regions: 160->130
[2017-12-13T13:59:24.350+0500][gc,metaspace  ] GC(5) Metaspace: 33726K->33726K(1079296K)
[2017-12-13T13:59:24.350+0500][gc            ] GC(5) Pause Young (G1 Evacuation Pause) 218M->142M(1024M) 5.946ms
[2017-12-13T13:59:24.350+0500][gc,cpu        ] GC(5) User=0.03s Sys=0.00s Real=0.01s
[2017-12-13T14:09:42.980+0500][gc,start      ] GC(6) Pause Young (G1 Evacuation Pause)
[2017-12-13T14:09:42.980+0500][gc,task       ] GC(6) Using 8 workers of 8 for evacuation
[2017-12-13T14:09:42.984+0500][gc,phases     ] GC(6)   Pre Evacuate Collection Set: 0.0ms
[2017-12-13T14:09:42.984+0500][gc,phases     ] GC(6)   Evacuate Collection Set: 3.2ms
[2017-12-13T14:09:42.984+0500][gc,phases     ] GC(6)   Post Evacuate Collection Set: 0.5ms
[2017-12-13T14:09:42.984+0500][gc,phases     ] GC(6)   Other: 0.2ms
[2017-12-13T14:09:42.984+0500][gc,heap       ] GC(6) Eden regions: 47->0(48)
[2017-12-13T14:09:42.984+0500][gc,heap       ] GC(6) Survivor regions: 4->3(7)
[2017-12-13T14:09:42.984+0500][gc,heap       ] GC(6) Old regions: 10->10
[2017-12-13T14:09:42.984+0500][gc,heap       ] GC(6) Humongous regions: 130->130
[2017-12-13T14:09:42.984+0500][gc,metaspace  ] GC(6) Metaspace: 34195K->34195K(1079296K)
[2017-12-13T14:09:42.984+0500][gc            ] GC(6) Pause Young (G1 Evacuation Pause) 189M->142M(1024M) 4.125ms
[2017-12-13T14:09:42.984+0500][gc,cpu        ] GC(6) User=0.03s Sys=0.00s Real=0.00s
[2017-12-13T14:20:10.667+0500][gc,start      ] GC(7) Pause Young (G1 Evacuation Pause)
[2017-12-13T14:20:10.667+0500][gc,task       ] GC(7) Using 8 workers of 8 for evacuation
[2017-12-13T14:20:10.671+0500][gc,phases     ] GC(7)   Pre Evacuate Collection Set: 0.0ms
[2017-12-13T14:20:10.671+0500][gc,phases     ] GC(7)   Evacuate Collection Set: 3.2ms
[2017-12-13T14:20:10.671+0500][gc,phases     ] GC(7)   Post Evacuate Collection Set: 0.4ms
[2017-12-13T14:20:10.671+0500][gc,phases     ] GC(7)   Other: 0.2ms
[2017-12-13T14:20:10.671+0500][gc,heap       ] GC(7) Eden regions: 48->0(58)
[2017-12-13T14:20:10.671+0500][gc,heap       ] GC(7) Survivor regions: 3->4(7)
[2017-12-13T14:20:10.671+0500][gc,heap       ] GC(7) Old regions: 10->10
[2017-12-13T14:20:10.671+0500][gc,heap       ] GC(7) Humongous regions: 130->130
[2017-12-13T14:20:10.671+0500][gc,metaspace  ] GC(7) Metaspace: 34337K->34337K(1079296K)
[2017-12-13T14:20:10.671+0500][gc            ] GC(7) Pause Young (G1 Evacuation Pause) 190M->143M(1024M) 3.921ms
[2017-12-13T14:20:10.671+0500][gc,cpu        ] GC(7) User=0.02s Sys=0.00s Real=0.01s
[2017-12-13T14:31:18.971+0500][gc,start      ] GC(8) Pause Young (G1 Evacuation Pause)
[2017-12-13T14:31:18.971+0500][gc,task       ] GC(8) Using 8 workers of 8 for evacuation
[2017-12-13T14:31:18.976+0500][gc,phases     ] GC(8)   Pre Evacuate Collection Set: 0.1ms
[2017-12-13T14:31:18.976+0500][gc,phases     ] GC(8)   Evacuate Collection Set: 3.8ms
[2017-12-13T14:31:18.976+0500][gc,phases     ] GC(8)   Post Evacuate Collection Set: 0.5ms
[2017-12-13T14:31:18.976+0500][gc,phases     ] GC(8)   Other: 0.3ms
[2017-12-13T14:31:18.976+0500][gc,heap       ] GC(8) Eden regions: 58->0(371)
[2017-12-13T14:31:18.976+0500][gc,heap       ] GC(8) Survivor regions: 4->3(8)
[2017-12-13T14:31:18.976+0500][gc,heap       ] GC(8) Old regions: 10->10
[2017-12-13T14:31:18.976+0500][gc,heap       ] GC(8) Humongous regions: 130->130
[2017-12-13T14:31:18.976+0500][gc,metaspace  ] GC(8) Metaspace: 34476K->34476K(1081344K)
[2017-12-13T14:31:18.976+0500][gc            ] GC(8) Pause Young (G1 Evacuation Pause) 201M->142M(1024M) 4.748ms
[2017-12-13T14:31:18.976+0500][gc,cpu        ] GC(8) User=0.02s Sys=0.00s Real=0.00s
[2017-12-13T15:39:40.532+0500][gc,start      ] GC(9) Pause Young (G1 Evacuation Pause)
[2017-12-13T15:39:40.532+0500][gc,task       ] GC(9) Using 8 workers of 8 for evacuation
[2017-12-13T15:39:40.538+0500][gc,phases     ] GC(9)   Pre Evacuate Collection Set: 0.0ms
[2017-12-13T15:39:40.538+0500][gc,phases     ] GC(9)   Evacuate Collection Set: 4.2ms
[2017-12-13T15:39:40.538+0500][gc,phases     ] GC(9)   Post Evacuate Collection Set: 1.2ms
[2017-12-13T15:39:40.538+0500][gc,phases     ] GC(9)   Other: 0.5ms
[2017-12-13T15:39:40.538+0500][gc,heap       ] GC(9) Eden regions: 371->0(286)
[2017-12-13T15:39:40.538+0500][gc,heap       ] GC(9) Survivor regions: 3->4(47)
[2017-12-13T15:39:40.538+0500][gc,heap       ] GC(9) Old regions: 10->10
[2017-12-13T15:39:40.538+0500][gc,heap       ] GC(9) Humongous regions: 130->130
[2017-12-13T15:39:40.538+0500][gc,metaspace  ] GC(9) Metaspace: 34871K->34871K(1081344K)
[2017-12-13T15:39:40.538+0500][gc            ] GC(9) Pause Young (G1 Evacuation Pause) 513M->143M(1024M) 6.017ms
[2017-12-13T15:39:40.538+0500][gc,cpu        ] GC(9) User=0.02s Sys=0.00s Real=0.00s
[2017-12-13T17:05:56.302+0500][gc,start      ] GC(10) Pause Initial Mark (Metadata GC Threshold)
[2017-12-13T17:05:56.302+0500][gc,task       ] GC(10) Using 8 workers of 8 for evacuation
[2017-12-13T17:05:56.370+0500][gc,mmu        ] GC(10) MMU target violated: 21.0ms (20.0ms/21.0ms)
[2017-12-13T17:05:56.370+0500][gc,phases     ] GC(10)   Pre Evacuate Collection Set: 0.1ms
[2017-12-13T17:05:56.370+0500][gc,phases     ] GC(10)   Evacuate Collection Set: 62.9ms
[2017-12-13T17:05:56.370+0500][gc,phases     ] GC(10)   Post Evacuate Collection Set: 2.7ms
[2017-12-13T17:05:56.370+0500][gc,phases     ] GC(10)   Other: 2.2ms
[2017-12-13T17:05:56.370+0500][gc,heap       ] GC(10) Eden regions: 142->0(47)
[2017-12-13T17:05:56.370+0500][gc,heap       ] GC(10) Survivor regions: 4->4(37)
[2017-12-13T17:05:56.370+0500][gc,heap       ] GC(10) Old regions: 10->10
[2017-12-13T17:05:56.370+0500][gc,heap       ] GC(10) Humongous regions: 130->130
[2017-12-13T17:05:56.370+0500][gc,metaspace  ] GC(10) Metaspace: 35090K->35090K(1081344K)
[2017-12-13T17:05:56.370+0500][gc            ] GC(10) Pause Initial Mark (Metadata GC Threshold) 284M->143M(1024M) 67.897ms
[2017-12-13T17:05:56.370+0500][gc,cpu        ] GC(10) User=0.05s Sys=0.19s Real=0.07s
[2017-12-13T17:05:56.370+0500][gc            ] GC(11) Concurrent Cycle
[2017-12-13T17:05:56.370+0500][gc,marking    ] GC(11) Concurrent Clear Claimed Marks
[2017-12-13T17:05:56.370+0500][gc,marking    ] GC(11) Concurrent Clear Claimed Marks 0.038ms
[2017-12-13T17:05:56.370+0500][gc,marking    ] GC(11) Concurrent Scan Root Regions
[2017-12-13T17:05:56.373+0500][gc,marking    ] GC(11) Concurrent Scan Root Regions 2.803ms
[2017-12-13T17:05:56.373+0500][gc,marking    ] GC(11) Concurrent Mark (6927.017s)
[2017-12-13T17:05:56.373+0500][gc,marking    ] GC(11) Concurrent Mark From Roots
[2017-12-13T17:05:56.373+0500][gc,task       ] GC(11) Using 2 workers of 2 for marking
[2017-12-13T17:05:56.388+0500][gc,marking    ] GC(11) Concurrent Mark From Roots 15.703ms
[2017-12-13T17:05:56.389+0500][gc,marking    ] GC(11) Concurrent Mark (6927.017s, 6927.033s) 15.767ms
[2017-12-13T17:05:56.389+0500][gc,start      ] GC(11) Pause Remark
[2017-12-13T17:05:56.430+0500][gc,stringtable] GC(11) Cleaned string and symbol table, strings: 14297 processed, 552 removed, symbols: 92490 processed, 14 removed
[2017-12-13T17:05:56.430+0500][gc,mmu        ] GC(11) MMU target violated: 21.0ms (20.0ms/21.0ms)
[2017-12-13T17:05:56.430+0500][gc            ] GC(11) Pause Remark 144M->144M(1024M) 41.368ms
[2017-12-13T17:05:56.430+0500][gc,cpu        ] GC(11) User=0.07s Sys=0.13s Real=0.05s
[2017-12-13T17:05:56.430+0500][gc,marking    ] GC(11) Concurrent Create Live Data
[2017-12-13T17:05:56.433+0500][gc,marking    ] GC(11) Concurrent Create Live Data 3.065ms
[2017-12-13T17:05:56.434+0500][gc,start      ] GC(11) Pause Cleanup
[2017-12-13T17:05:56.439+0500][gc            ] GC(11) Pause Cleanup 145M->145M(1024M) 5.395ms
[2017-12-13T17:05:56.439+0500][gc,cpu        ] GC(11) User=0.01s Sys=0.01s Real=0.00s
[2017-12-13T17:05:56.439+0500][gc,marking    ] GC(11) Concurrent Cleanup for Next Mark
[2017-12-13T17:05:56.445+0500][gc,marking    ] GC(11) Concurrent Cleanup for Next Mark 5.979ms
[2017-12-13T17:05:56.445+0500][gc            ] GC(11) Concurrent Cycle 75.346ms
[2017-12-13T17:11:19.602+0500][gc,heap,exit  ] Heap
[2017-12-13T17:11:19.602+0500][gc,heap,exit  ]  garbage-first heap   total 1048576K, used 175481K [0x0000000780000000, 0x0000000780102000, 0x00000007c0000000)
[2017-12-13T17:11:19.602+0500][gc,heap,exit  ]   region size 1024K, 33 young (33792K), 4 survivors (4096K)
[2017-12-13T17:11:19.602+0500][gc,heap,exit  ]  Metaspace       used 35461K, capacity 35850K, committed 36432K, reserved 1081344K
[2017-12-13T17:11:19.602+0500][gc,heap,exit  ]   class space    used 4360K, capacity 4435K, committed 4528K, reserved 1048576K
