[2017-12-13T12:06:24.702+0500][gc,heap] Heap region size: 1M
[2017-12-13T12:06:24.713+0500][gc     ] Using G1
[2017-12-13T12:06:24.713+0500][gc,heap,coops] Heap address: 0x0000000780000000, size: 1024 MB, Compressed Oops mode: Zero based, Oop shift amount: 3
[2017-12-13T12:06:30.661+0500][gc,start     ] GC(0) Pause Young (G1 Evacuation Pause)
[2017-12-13T12:06:30.661+0500][gc,task      ] GC(0) Using 8 workers of 8 for evacuation
[2017-12-13T12:06:30.671+0500][gc,phases    ] GC(0)   Pre Evacuate Collection Set: 0.0ms
[2017-12-13T12:06:30.671+0500][gc,phases    ] GC(0)   Evacuate Collection Set: 6.1ms
[2017-12-13T12:06:30.671+0500][gc,phases    ] GC(0)   Post Evacuate Collection Set: 3.7ms
[2017-12-13T12:06:30.671+0500][gc,phases    ] GC(0)   Other: 0.2ms
[2017-12-13T12:06:30.671+0500][gc,heap      ] GC(0) Eden regions: 51->0(44)
[2017-12-13T12:06:30.671+0500][gc,heap      ] GC(0) Survivor regions: 0->7(7)
[2017-12-13T12:06:30.671+0500][gc,heap      ] GC(0) Old regions: 0->3
[2017-12-13T12:06:30.671+0500][gc,heap      ] GC(0) Humongous regions: 1->1
[2017-12-13T12:06:30.671+0500][gc,metaspace ] GC(0) Metaspace: 19027K->19027K(1067008K)
[2017-12-13T12:06:30.671+0500][gc           ] GC(0) Pause Young (G1 Evacuation Pause) 52M->10M(1024M) 10.098ms
[2017-12-13T12:06:30.672+0500][gc,cpu       ] GC(0) User=0.04s Sys=0.01s Real=0.01s
[2017-12-13T12:06:30.759+0500][gc,start     ] GC(1) Pause Initial Mark (Metadata GC Threshold)
[2017-12-13T12:06:30.759+0500][gc,task      ] GC(1) Using 8 workers of 8 for evacuation
[2017-12-13T12:06:30.767+0500][gc,phases    ] GC(1)   Pre Evacuate Collection Set: 0.0ms
[2017-12-13T12:06:30.767+0500][gc,phases    ] GC(1)   Evacuate Collection Set: 6.5ms
[2017-12-13T12:06:30.767+0500][gc,phases    ] GC(1)   Post Evacuate Collection Set: 1.1ms
[2017-12-13T12:06:30.767+0500][gc,phases    ] GC(1)   Other: 0.2ms
[2017-12-13T12:06:30.767+0500][gc,heap      ] GC(1) Eden regions: 8->0(48)
[2017-12-13T12:06:30.767+0500][gc,heap      ] GC(1) Survivor regions: 7->3(7)
[2017-12-13T12:06:30.767+0500][gc,heap      ] GC(1) Old regions: 3->9
[2017-12-13T12:06:30.767+0500][gc,heap      ] GC(1) Humongous regions: 1->1
[2017-12-13T12:06:30.767+0500][gc,metaspace ] GC(1) Metaspace: 20693K->20693K(1069056K)
[2017-12-13T12:06:30.767+0500][gc           ] GC(1) Pause Initial Mark (Metadata GC Threshold) 18M->11M(1024M) 7.863ms
[2017-12-13T12:06:30.767+0500][gc,cpu       ] GC(1) User=0.04s Sys=0.01s Real=0.01s
[2017-12-13T12:06:30.767+0500][gc           ] GC(2) Concurrent Cycle
[2017-12-13T12:06:30.767+0500][gc,marking   ] GC(2) Concurrent Clear Claimed Marks
[2017-12-13T12:06:30.767+0500][gc,marking   ] GC(2) Concurrent Clear Claimed Marks 0.025ms
[2017-12-13T12:06:30.767+0500][gc,marking   ] GC(2) Concurrent Scan Root Regions
[2017-12-13T12:06:30.767+0500][gc,marking   ] GC(2) Concurrent Scan Root Regions 0.512ms
[2017-12-13T12:06:30.767+0500][gc,marking   ] GC(2) Concurrent Mark (6.078s)
[2017-12-13T12:06:30.767+0500][gc,marking   ] GC(2) Concurrent Mark From Roots
[2017-12-13T12:06:30.767+0500][gc,task      ] GC(2) Using 2 workers of 2 for marking
[2017-12-13T12:06:30.771+0500][gc,marking   ] GC(2) Concurrent Mark From Roots 4.096ms
[2017-12-13T12:06:30.771+0500][gc,marking   ] GC(2) Concurrent Mark (6.078s, 6.082s) 4.144ms
[2017-12-13T12:06:30.772+0500][gc,start     ] GC(2) Pause Remark
[2017-12-13T12:06:30.773+0500][gc,stringtable] GC(2) Cleaned string and symbol table, strings: 8670 processed, 0 removed, symbols: 69790 processed, 37 removed
[2017-12-13T12:06:30.773+0500][gc            ] GC(2) Pause Remark 12M->12M(1024M) 1.886ms
[2017-12-13T12:06:30.773+0500][gc,cpu        ] GC(2) User=0.01s Sys=0.00s Real=0.00s
[2017-12-13T12:06:30.774+0500][gc,marking    ] GC(2) Concurrent Create Live Data
[2017-12-13T12:06:30.774+0500][gc,marking    ] GC(2) Concurrent Create Live Data 0.885ms
[2017-12-13T12:06:30.775+0500][gc,start      ] GC(2) Pause Cleanup
[2017-12-13T12:06:30.775+0500][gc            ] GC(2) Pause Cleanup 12M->10M(1024M) 0.466ms
[2017-12-13T12:06:30.775+0500][gc,cpu        ] GC(2) User=0.01s Sys=0.00s Real=0.00s
[2017-12-13T12:06:30.776+0500][gc,marking    ] GC(2) Concurrent Complete Cleanup
[2017-12-13T12:06:30.776+0500][gc,marking    ] GC(2) Concurrent Complete Cleanup 0.027ms
[2017-12-13T12:06:30.776+0500][gc,marking    ] GC(2) Concurrent Cleanup for Next Mark
[2017-12-13T12:06:30.781+0500][gc,marking    ] GC(2) Concurrent Cleanup for Next Mark 5.151ms
[2017-12-13T12:06:30.781+0500][gc            ] GC(2) Concurrent Cycle 14.518ms
[2017-12-13T12:06:30.956+0500][gc,heap,exit  ] Heap
[2017-12-13T12:06:30.956+0500][gc,heap,exit  ]  garbage-first heap   total 1048576K, used 25380K [0x0000000780000000, 0x0000000780102000, 0x00000007c0000000)
[2017-12-13T12:06:30.956+0500][gc,heap,exit  ]   region size 1024K, 19 young (19456K), 3 survivors (3072K)
[2017-12-13T12:06:30.956+0500][gc,heap,exit  ]  Metaspace       used 23329K, capacity 23894K, committed 24240K, reserved 1071104K
[2017-12-13T12:06:30.956+0500][gc,heap,exit  ]   class space    used 2827K, capacity 2937K, committed 2992K, reserved 1048576K
