[2017-12-13T12:05:58.645+0500][gc,heap] Heap region size: 1M
[2017-12-13T12:05:58.651+0500][gc     ] Using G1
[2017-12-13T12:05:58.651+0500][gc,heap,coops] Heap address: 0x00000007a0000000, size: 512 MB, Compressed Oops mode: Zero based, Oop shift amount: 3
[2017-12-13T12:06:58.105+0500][gc,start     ] GC(0) Pause Young (G1 Evacuation Pause)
[2017-12-13T12:06:58.105+0500][gc,task      ] GC(0) Using 8 workers of 8 for evacuation
[2017-12-13T12:06:58.112+0500][gc,phases    ] GC(0)   Pre Evacuate Collection Set: 0.0ms
[2017-12-13T12:06:58.113+0500][gc,phases    ] GC(0)   Evacuate Collection Set: 5.9ms
[2017-12-13T12:06:58.113+0500][gc,phases    ] GC(0)   Post Evacuate Collection Set: 1.4ms
[2017-12-13T12:06:58.113+0500][gc,phases    ] GC(0)   Other: 0.2ms
[2017-12-13T12:06:58.113+0500][gc,heap      ] GC(0) Eden regions: 25->0(21)
[2017-12-13T12:06:58.113+0500][gc,heap      ] GC(0) Survivor regions: 0->4(4)
[2017-12-13T12:06:58.113+0500][gc,heap      ] GC(0) Old regions: 0->3
[2017-12-13T12:06:58.113+0500][gc,heap      ] GC(0) Humongous regions: 1->1
[2017-12-13T12:06:58.113+0500][gc,metaspace ] GC(0) Metaspace: 14279K->14279K(1062912K)
[2017-12-13T12:06:58.113+0500][gc           ] GC(0) Pause Young (G1 Evacuation Pause) 26M->7M(512M) 7.604ms
[2017-12-13T12:06:58.113+0500][gc,cpu       ] GC(0) User=0.03s Sys=0.01s Real=0.01s
[2017-12-13T12:06:58.114+0500][gc,heap,exit ] Heap
[2017-12-13T12:06:58.114+0500][gc,heap,exit ]  garbage-first heap   total 524288K, used 7721K [0x00000007a0000000, 0x00000007a0101000, 0x00000007c0000000)
[2017-12-13T12:06:58.114+0500][gc,heap,exit ]   region size 1024K, 5 young (5120K), 4 survivors (4096K)
[2017-12-13T12:06:58.114+0500][gc,heap,exit ]  Metaspace       used 14299K, capacity 14816K, committed 14976K, reserved 1062912K
[2017-12-13T12:06:58.114+0500][gc,heap,exit ]   class space    used 1467K, capacity 1581K, committed 1664K, reserved 1048576K
