[2017-12-13T13:55:37.553+0500][gc,heap] Heap region size: 1M
[2017-12-13T13:55:37.559+0500][gc     ] Using G1
[2017-12-13T13:55:37.559+0500][gc,heap,coops] Heap address: 0x00000007a0000000, size: 512 MB, Compressed Oops mode: Zero based, Oop shift amount: 3
[2017-12-13T13:55:58.688+0500][gc,start     ] GC(0) Pause Young (G1 Evacuation Pause)
[2017-12-13T13:55:58.688+0500][gc,task      ] GC(0) Using 8 workers of 8 for evacuation
[2017-12-13T13:55:58.698+0500][gc,phases    ] GC(0)   Pre Evacuate Collection Set: 0.0ms
[2017-12-13T13:55:58.698+0500][gc,phases    ] GC(0)   Evacuate Collection Set: 7.4ms
[2017-12-13T13:55:58.698+0500][gc,phases    ] GC(0)   Post Evacuate Collection Set: 2.1ms
[2017-12-13T13:55:58.698+0500][gc,phases    ] GC(0)   Other: 0.2ms
[2017-12-13T13:55:58.698+0500][gc,heap      ] GC(0) Eden regions: 25->0(21)
[2017-12-13T13:55:58.698+0500][gc,heap      ] GC(0) Survivor regions: 0->4(4)
[2017-12-13T13:55:58.698+0500][gc,heap      ] GC(0) Old regions: 0->3
[2017-12-13T13:55:58.698+0500][gc,heap      ] GC(0) Humongous regions: 1->1
[2017-12-13T13:55:58.698+0500][gc,metaspace ] GC(0) Metaspace: 14243K->14243K(1062912K)
[2017-12-13T13:55:58.698+0500][gc           ] GC(0) Pause Young (G1 Evacuation Pause) 26M->7M(512M) 9.923ms
[2017-12-13T13:55:58.698+0500][gc,cpu       ] GC(0) User=0.03s Sys=0.01s Real=0.01s
[2017-12-13T17:11:21.465+0500][gc,heap,exit ] Heap
[2017-12-13T17:11:21.467+0500][gc,heap,exit ]  garbage-first heap   total 524288K, used 28071K [0x00000007a0000000, 0x00000007a0101000, 0x00000007c0000000)
[2017-12-13T17:11:21.467+0500][gc,heap,exit ]   region size 1024K, 25 young (25600K), 4 survivors (4096K)
[2017-12-13T17:11:21.467+0500][gc,heap,exit ]  Metaspace       used 14864K, capacity 15360K, committed 15488K, reserved 1062912K
[2017-12-13T17:11:21.467+0500][gc,heap,exit ]   class space    used 1487K, capacity 1613K, committed 1664K, reserved 1048576K
