[2017-12-13T19:07:51.056+0500][gc,heap] Heap region size: 1M
[2017-12-13T19:07:51.062+0500][gc     ] Using G1
[2017-12-13T19:07:51.062+0500][gc,heap,coops] Heap address: 0x00000007a0000000, size: 512 MB, Compressed Oops mode: Zero based, Oop shift amount: 3
[2017-12-13T19:07:56.769+0500][gc,start     ] GC(0) Pause Young (G1 Evacuation Pause)
[2017-12-13T19:07:56.769+0500][gc,task      ] GC(0) Using 8 workers of 8 for evacuation
[2017-12-13T19:07:56.775+0500][gc,phases    ] GC(0)   Pre Evacuate Collection Set: 0.0ms
[2017-12-13T19:07:56.775+0500][gc,phases    ] GC(0)   Evacuate Collection Set: 5.0ms
[2017-12-13T19:07:56.775+0500][gc,phases    ] GC(0)   Post Evacuate Collection Set: 1.2ms
[2017-12-13T19:07:56.775+0500][gc,phases    ] GC(0)   Other: 0.1ms
[2017-12-13T19:07:56.775+0500][gc,heap      ] GC(0) Eden regions: 25->0(21)
[2017-12-13T19:07:56.775+0500][gc,heap      ] GC(0) Survivor regions: 0->4(4)
[2017-12-13T19:07:56.775+0500][gc,heap      ] GC(0) Old regions: 0->3
[2017-12-13T19:07:56.775+0500][gc,heap      ] GC(0) Humongous regions: 1->1
[2017-12-13T19:07:56.775+0500][gc,metaspace ] GC(0) Metaspace: 13984K->13984K(1062912K)
[2017-12-13T19:07:56.775+0500][gc           ] GC(0) Pause Young (G1 Evacuation Pause) 26M->7M(512M) 6.471ms
[2017-12-13T19:07:56.775+0500][gc,cpu       ] GC(0) User=0.04s Sys=0.01s Real=0.01s
